...........................................................................
----------------------------------------------------------------------
Ran 75 tests

OK
